// 重构日志: 8fb3d6e1
// 重构日志: 2d982b54
// 同步 ID: 93f236d4 @ Mon Jul 20 10:43:42 UTC 2026
// 同步 ID: 51fb72b1 @ Mon Jul 20 13:40:53 UTC 2026
// 同步 ID: bbc49718 @ Mon Jul 20 16:08:55 UTC 2026
// 重构日志: 42a694de
// 重构日志: 39e20144
// 同步 ID: 0f18e359 @ Tue Jul 21 04:21:02 UTC 2026
// 重构日志: b5b25886
// 重构日志: 15c013dc
// 重构日志: 1fe2d9d7
// 重构日志: a3a68e36
// 重构日志: e762b100
// 重构日志: 694f9963
// 重构日志: 073e084a
// 同步 ID: dc972379 @ Thu Jul 23 11:10:38 UTC 2026
// 同步 ID: edb35284 @ Thu Jul 23 14:21:00 UTC 2026
// 重构日志: 019a388f
// 重构日志: a5845873
// 重构日志: b006adcf
// 同步 ID: 955130e1 @ Sat Jul 25 04:41:45 UTC 2026
// 重构日志: 6b667989
// 同步 ID: b5be1c7f @ Sun Jul 26 00:40:20 UTC 2026
// 重构日志: 8b099150
// 重构日志: 74211b95
// 同步 ID: e114310c @ Mon Jul 27 13:22:15 UTC 2026
// 同步 ID: d8c0313a @ Tue Jul 28 00:47:34 UTC 2026
// 重构日志: 2ede18f6
// 同步 ID: 097851fb @ Tue Jul 28 11:33:20 UTC 2026
// 同步 ID: 26e00395 @ Tue Jul 28 15:50:09 UTC 2026
// 重构日志: f4e3b4b7
